// Jest Snapshot v1, https://goo.gl/fbAQLP

exports[`MealDetailComponent component tests should match the snapshot 1`] = `
<div
  className="container-fluid"
>
  <p
    className="mt-2"
  >
    Please select a food category from the dropdown :)
  </p>
  <select
    aria-label="Default select example"
    className="form-select m-2"
    id="category"
    name="category"
    onChange={[Function]}
    placeholder="Food category"
  >
    <option
      value="Breakfast"
    >
      Breakfast
    </option>
    <option
      value="Dessert"
    >
      Dessert
    </option>
    <option
      value="Vegan"
    >
      Vegan
    </option>
    <option
      value="Chicken"
    >
      Chicken
    </option>
    <option
      value="Side"
    >
      Side
    </option>
    <option
      value="Pasta"
    >
      Pasta
    </option>
  </select>
  <div
    className="mealsContainer"
  />
</div>
`;
