// Jest Snapshot v1, https://goo.gl/fbAQLP

exports[`Navbar component tests should match the snapshot 1`] = `
<nav>
  <div>
    <a
      href="/"
      onClick={[Function]}
    >
      yummyMeals
    </a>
  </div>
</nav>
`;
